--------------------------------------------------------------------------------------
Timing Analyzer Summary
--------------------------------------------------------------------------------------

Type           : Worst-case tsu
Slack          : N/A
Required Time  : None
Actual Time    : 5.484 ns
From           : bd_db[5]
To             : lpm_dff3:inst13|lpm_ff:lpm_ff_component|dffs[0]
From Clock     : --
To Clock       : clk
Failed Paths   : 0

Type           : Worst-case tco
Slack          : N/A
Required Time  : None
Actual Time    : 10.223 ns
From           : lpm_counter5:inst2|lpm_counter:lpm_counter_component|cntr_slh:auto_generated|safe_q[0]
To             : control_bus[14]
From Clock     : clk
To Clock       : --
Failed Paths   : 0

Type           : Worst-case tpd
Slack          : N/A
Required Time  : None
Actual Time    : 1.982 ns
From           : altera_internal_jtag~TDO
To             : altera_reserved_tdo
From Clock     : --
To Clock       : --
Failed Paths   : 0

Type           : Worst-case th
Slack          : N/A
Required Time  : None
Actual Time    : 1.142 ns
From           : altera_internal_jtag~TDIUTAP
To             : sld_hub:auto_hub|tdo_bypass_reg
From Clock     : --
To Clock       : altera_internal_jtag~TCKUTAP
Failed Paths   : 0

Type           : Clock Setup: 'altera_internal_jtag~TCKUTAP'
Slack          : N/A
Required Time  : None
Actual Time    : 263.44 MHz ( period = 3.796 ns )
From           : sld_hub:auto_hub|irsr_reg[5]
To             : sld_hub:auto_hub|tdo
From Clock     : altera_internal_jtag~TCKUTAP
To Clock       : altera_internal_jtag~TCKUTAP
Failed Paths   : 0

Type           : Clock Setup: 'clk'
Slack          : N/A
Required Time  : None
Actual Time    : 367.51 MHz ( period = 2.721 ns )
From           : lpm_dff3:inst13|lpm_ff:lpm_ff_component|dffs[0]
To             : lpm_counter3:inst5|lpm_counter:lpm_counter_component|cntr_4pi:auto_generated|safe_q[2]
From Clock     : clk
To Clock       : clk
Failed Paths   : 0

Type           : Clock Hold: 'clk'
Slack          : Not operational: Clock Skew > Data Delay
Required Time  : None
Actual Time    : N/A
From           : lpm_counter5:inst2|lpm_counter:lpm_counter_component|cntr_slh:auto_generated|safe_q[0]
To             : lpm_counter5:inst2|lpm_counter:lpm_counter_component|cntr_slh:auto_generated|safe_q[0]
From Clock     : clk
To Clock       : clk
Failed Paths   : 21

Type           : Total number of failed paths
Slack          : 
Required Time  : 
Actual Time    : 
From           : 
To             : 
From Clock     : 
To Clock       : 
Failed Paths   : 21

--------------------------------------------------------------------------------------

